125	/Users/jazsneider/Downloads/Debug/instances/overlap/held_out/s-1_task-13_ipu1tf-709.0423_ipu2t0-708.8621_speaker2-A_ttlabel-O.metadata.csv
128	/Users/jazsneider/Downloads/Debug/instances/overlap/held_out/s-1_task-13_ipu1tf-725.3811_ipu2t0-725.3639_speaker2-A_ttlabel-O.metadata.csv
129	/Users/jazsneider/Downloads/Debug/instances/overlap/held_out/s-1_task-13_ipu1tf-729.8441_ipu2t0-729.8345_speaker2-A_ttlabel-O.metadata.csv
130	/Users/jazsneider/Downloads/Debug/instances/overlap/held_out/s-1_task-13_ipu1tf-732.6278_ipu2t0-731.631_speaker2-A_ttlabel-I.metadata.csv
131	/Users/jazsneider/Downloads/Debug/instances/overlap/held_out/s-1_task-13_ipu1tf-735.2972_ipu2t0-734.695_speaker2-A_ttlabel-O.metadata.csv
132	/Users/jazsneider/Downloads/Debug/instances/overlap/held_out/s-1_task-13_ipu1tf-736.7704_ipu2t0-736.4044_speaker2-A_ttlabel-O.metadata.csv
134	/Users/jazsneider/Downloads/Debug/instances/overlap/held_out/s-1_task-13_ipu1tf-748.8278_ipu2t0-748.2761_speaker2-A_ttlabel-O.metadata.csv
294	/Users/jazsneider/Downloads/Debug/instances/overlap/held_out/s-1_task-13_ipu1tf-724.5339_ipu2t0-723.6913_speaker2-B_ttlabel-O.metadata.csv
296	/Users/jazsneider/Downloads/Debug/instances/overlap/held_out/s-1_task-13_ipu1tf-727.8367_ipu2t0-727.1234_speaker2-B_ttlabel-O.metadata.csv
298	/Users/jazsneider/Downloads/Debug/instances/overlap/held_out/s-1_task-13_ipu1tf-733.9043_ipu2t0-733.0236_speaker2-B_ttlabel-O.metadata.csv
301	/Users/jazsneider/Downloads/Debug/instances/overlap/held_out/s-1_task-13_ipu1tf-744.4736_ipu2t0-741.4411_speaker2-B_ttlabel-BC_O.metadata.csv
302	/Users/jazsneider/Downloads/Debug/instances/overlap/held_out/s-1_task-13_ipu1tf-744.4736_ipu2t0-744.2378_speaker2-B_ttlabel-O.metadata.csv
147	/Users/jazsneider/Downloads/Debug/instances/overlap/held_out/s-1_task-14_ipu1tf-814.0321_ipu2t0-813.7165_speaker2-A_ttlabel-I.metadata.csv
152	/Users/jazsneider/Downloads/Debug/instances/overlap/held_out/s-1_task-14_ipu1tf-832.9273_ipu2t0-832.6111_speaker2-A_ttlabel-I.metadata.csv
158	/Users/jazsneider/Downloads/Debug/instances/overlap/held_out/s-1_task-14_ipu1tf-857.0916_ipu2t0-857.0839_speaker2-A_ttlabel-O.metadata.csv
308	/Users/jazsneider/Downloads/Debug/instances/overlap/held_out/s-1_task-14_ipu1tf-782.4699_ipu2t0-782.0487_speaker2-B_ttlabel-I.metadata.csv
315	/Users/jazsneider/Downloads/Debug/instances/overlap/held_out/s-1_task-14_ipu1tf-815.4016_ipu2t0-814.1464_speaker2-B_ttlabel-BI.metadata.csv
316	/Users/jazsneider/Downloads/Debug/instances/overlap/held_out/s-1_task-14_ipu1tf-815.4016_ipu2t0-815.044_speaker2-B_ttlabel-BI.metadata.csv
318	/Users/jazsneider/Downloads/Debug/instances/overlap/held_out/s-1_task-14_ipu1tf-823.3472_ipu2t0-823.3139_speaker2-B_ttlabel-O.metadata.csv
321	/Users/jazsneider/Downloads/Debug/instances/overlap/held_out/s-1_task-14_ipu1tf-832.2744_ipu2t0-832.2646_speaker2-B_ttlabel-O.metadata.csv
323	/Users/jazsneider/Downloads/Debug/instances/overlap/held_out/s-1_task-14_ipu1tf-849.0202_ipu2t0-848.9708_speaker2-B_ttlabel-O.metadata.csv
432	/Users/jazsneider/Downloads/Debug/instances/overlap/held_out/s-2_task-13_ipu1tf-522.2001_ipu2t0-522.0784_speaker2-B_ttlabel-I.metadata.csv
380	/Users/jazsneider/Downloads/Debug/instances/overlap/held_out/s-2_task-14_ipu1tf-546.4166_ipu2t0-546.3483_speaker2-A_ttlabel-BI.metadata.csv
385	/Users/jazsneider/Downloads/Debug/instances/overlap/held_out/s-2_task-14_ipu1tf-575.1168_ipu2t0-574.313_speaker2-A_ttlabel-BI.metadata.csv
439	/Users/jazsneider/Downloads/Debug/instances/overlap/held_out/s-2_task-14_ipu1tf-548.34_ipu2t0-548.2927_speaker2-B_ttlabel-X2_O.metadata.csv
440	/Users/jazsneider/Downloads/Debug/instances/overlap/held_out/s-2_task-14_ipu1tf-550.2952_ipu2t0-550.2809_speaker2-B_ttlabel-X2_O.metadata.csv
442	/Users/jazsneider/Downloads/Debug/instances/overlap/held_out/s-2_task-14_ipu1tf-567.552_ipu2t0-567.3868_speaker2-B_ttlabel-O.metadata.csv
609	/Users/jazsneider/Downloads/Debug/instances/overlap/held_out/s-3_task-13_ipu1tf-737.934_ipu2t0-735.7022_speaker2-B_ttlabel-BI.metadata.csv
610	/Users/jazsneider/Downloads/Debug/instances/overlap/held_out/s-3_task-13_ipu1tf-737.934_ipu2t0-737.124_speaker2-B_ttlabel-O.metadata.csv
523	/Users/jazsneider/Downloads/Debug/instances/overlap/held_out/s-3_task-14_ipu1tf-767.7201_ipu2t0-767.6603_speaker2-A_ttlabel-BC_O.metadata.csv
617	/Users/jazsneider/Downloads/Debug/instances/overlap/held_out/s-3_task-14_ipu1tf-776.0427_ipu2t0-775.8541_speaker2-B_ttlabel-X2_O.metadata.csv
812	/Users/jazsneider/Downloads/Debug/instances/overlap/held_out/s-4_task-13_ipu1tf-1455.2935_ipu2t0-1455.2604_speaker2-A_ttlabel-X2_O.metadata.csv
816	/Users/jazsneider/Downloads/Debug/instances/overlap/held_out/s-4_task-13_ipu1tf-1489.0621_ipu2t0-1488.4665_speaker2-A_ttlabel-I.metadata.csv
817	/Users/jazsneider/Downloads/Debug/instances/overlap/held_out/s-4_task-13_ipu1tf-1494.3719_ipu2t0-1494.3363_speaker2-A_ttlabel-I.metadata.csv
819	/Users/jazsneider/Downloads/Debug/instances/overlap/held_out/s-4_task-13_ipu1tf-1512.8032_ipu2t0-1512.3167_speaker2-A_ttlabel-O.metadata.csv
824	/Users/jazsneider/Downloads/Debug/instances/overlap/held_out/s-4_task-13_ipu1tf-1545.4909_ipu2t0-1545.4744_speaker2-A_ttlabel-X2_O.metadata.csv
825	/Users/jazsneider/Downloads/Debug/instances/overlap/held_out/s-4_task-13_ipu1tf-1552.8909_ipu2t0-1552.6126_speaker2-A_ttlabel-O.metadata.csv
1062	/Users/jazsneider/Downloads/Debug/instances/overlap/held_out/s-4_task-13_ipu1tf-1463.8102_ipu2t0-1463.6811_speaker2-B_ttlabel-I.metadata.csv
1063	/Users/jazsneider/Downloads/Debug/instances/overlap/held_out/s-4_task-13_ipu1tf-1475.1501_ipu2t0-1468.8418_speaker2-B_ttlabel-O.metadata.csv
1064	/Users/jazsneider/Downloads/Debug/instances/overlap/held_out/s-4_task-13_ipu1tf-1475.1501_ipu2t0-1470.6067_speaker2-B_ttlabel-O.metadata.csv
1065	/Users/jazsneider/Downloads/Debug/instances/overlap/held_out/s-4_task-13_ipu1tf-1475.1501_ipu2t0-1473.2317_speaker2-B_ttlabel-BC_O.metadata.csv
1067	/Users/jazsneider/Downloads/Debug/instances/overlap/held_out/s-4_task-13_ipu1tf-1486.6861_ipu2t0-1485.9874_speaker2-B_ttlabel-BI.metadata.csv
1070	/Users/jazsneider/Downloads/Debug/instances/overlap/held_out/s-4_task-13_ipu1tf-1501.0886_ipu2t0-1500.5472_speaker2-B_ttlabel-O.metadata.csv
1077	/Users/jazsneider/Downloads/Debug/instances/overlap/held_out/s-4_task-13_ipu1tf-1552.1286_ipu2t0-1552.1049_speaker2-B_ttlabel-I.metadata.csv
1078	/Users/jazsneider/Downloads/Debug/instances/overlap/held_out/s-4_task-13_ipu1tf-1554.0786_ipu2t0-1553.8909_speaker2-B_ttlabel-O.metadata.csv
832	/Users/jazsneider/Downloads/Debug/instances/overlap/held_out/s-4_task-14_ipu1tf-1618.38_ipu2t0-1617.4342_speaker2-A_ttlabel-BI.metadata.csv
837	/Users/jazsneider/Downloads/Debug/instances/overlap/held_out/s-4_task-14_ipu1tf-1650.8546_ipu2t0-1650.4631_speaker2-A_ttlabel-O.metadata.csv
839	/Users/jazsneider/Downloads/Debug/instances/overlap/held_out/s-4_task-14_ipu1tf-1664.8884_ipu2t0-1664.7799_speaker2-A_ttlabel-I.metadata.csv
1082	/Users/jazsneider/Downloads/Debug/instances/overlap/held_out/s-4_task-14_ipu1tf-1583.632_ipu2t0-1583.1537_speaker2-B_ttlabel-O.metadata.csv
1086	/Users/jazsneider/Downloads/Debug/instances/overlap/held_out/s-4_task-14_ipu1tf-1619.8302_ipu2t0-1619.055_speaker2-B_ttlabel-O.metadata.csv
1092	/Users/jazsneider/Downloads/Debug/instances/overlap/held_out/s-4_task-14_ipu1tf-1665.6394_ipu2t0-1665.1144_speaker2-B_ttlabel-BI.metadata.csv
1093	/Users/jazsneider/Downloads/Debug/instances/overlap/held_out/s-4_task-14_ipu1tf-1665.6394_ipu2t0-1665.5784_speaker2-B_ttlabel-O.metadata.csv
1262	/Users/jazsneider/Downloads/Debug/instances/overlap/held_out/s-5_task-13_ipu1tf-970.8834_ipu2t0-970.2589_speaker2-A_ttlabel-O.metadata.csv
1263	/Users/jazsneider/Downloads/Debug/instances/overlap/held_out/s-5_task-13_ipu1tf-971.7318_ipu2t0-971.3732_speaker2-A_ttlabel-O.metadata.csv
1264	/Users/jazsneider/Downloads/Debug/instances/overlap/held_out/s-5_task-13_ipu1tf-977.7734_ipu2t0-977.332_speaker2-A_ttlabel-O.metadata.csv
1271	/Users/jazsneider/Downloads/Debug/instances/overlap/held_out/s-5_task-13_ipu1tf-996.5802_ipu2t0-995.8519_speaker2-A_ttlabel-O.metadata.csv
1272	/Users/jazsneider/Downloads/Debug/instances/overlap/held_out/s-5_task-13_ipu1tf-1002.0843_ipu2t0-1001.9725_speaker2-A_ttlabel-O.metadata.csv
1273	/Users/jazsneider/Downloads/Debug/instances/overlap/held_out/s-5_task-13_ipu1tf-1009.5275_ipu2t0-1009.0042_speaker2-A_ttlabel-O.metadata.csv
1472	/Users/jazsneider/Downloads/Debug/instances/overlap/held_out/s-5_task-13_ipu1tf-975.0281_ipu2t0-975.0099_speaker2-B_ttlabel-O.metadata.csv
1473	/Users/jazsneider/Downloads/Debug/instances/overlap/held_out/s-5_task-13_ipu1tf-980.0831_ipu2t0-979.8155_speaker2-B_ttlabel-BC_O.metadata.csv
1480	/Users/jazsneider/Downloads/Debug/instances/overlap/held_out/s-5_task-13_ipu1tf-1006.3458_ipu2t0-1006.2983_speaker2-B_ttlabel-O.metadata.csv
1274	/Users/jazsneider/Downloads/Debug/instances/overlap/held_out/s-5_task-14_ipu1tf-1042.4978_ipu2t0-1041.1588_speaker2-A_ttlabel-BC_O.metadata.csv
1277	/Users/jazsneider/Downloads/Debug/instances/overlap/held_out/s-5_task-14_ipu1tf-1055.2405_ipu2t0-1054.2297_speaker2-A_ttlabel-O.metadata.csv
1281	/Users/jazsneider/Downloads/Debug/instances/overlap/held_out/s-5_task-14_ipu1tf-1080.4781_ipu2t0-1079.9808_speaker2-A_ttlabel-O.metadata.csv
1282	/Users/jazsneider/Downloads/Debug/instances/overlap/held_out/s-5_task-14_ipu1tf-1084.131_ipu2t0-1084.018_speaker2-A_ttlabel-O.metadata.csv
1284	/Users/jazsneider/Downloads/Debug/instances/overlap/held_out/s-5_task-14_ipu1tf-1096.911_ipu2t0-1095.1912_speaker2-A_ttlabel-O.metadata.csv
1285	/Users/jazsneider/Downloads/Debug/instances/overlap/held_out/s-5_task-14_ipu1tf-1099.3681_ipu2t0-1097.5412_speaker2-A_ttlabel-O.metadata.csv
1288	/Users/jazsneider/Downloads/Debug/instances/overlap/held_out/s-5_task-14_ipu1tf-1120.5411_ipu2t0-1120.3391_speaker2-A_ttlabel-O.metadata.csv
1289	/Users/jazsneider/Downloads/Debug/instances/overlap/held_out/s-5_task-14_ipu1tf-1125.2918_ipu2t0-1124.7604_speaker2-A_ttlabel-O.metadata.csv
1489	/Users/jazsneider/Downloads/Debug/instances/overlap/held_out/s-5_task-14_ipu1tf-1085.1107_ipu2t0-1084.8712_speaker2-B_ttlabel-O.metadata.csv
1491	/Users/jazsneider/Downloads/Debug/instances/overlap/held_out/s-5_task-14_ipu1tf-1103.9147_ipu2t0-1103.8027_speaker2-B_ttlabel-O.metadata.csv
1494	/Users/jazsneider/Downloads/Debug/instances/overlap/held_out/s-5_task-14_ipu1tf-1116.8591_ipu2t0-1114.4313_speaker2-B_ttlabel-BI.metadata.csv
1495	/Users/jazsneider/Downloads/Debug/instances/overlap/held_out/s-5_task-14_ipu1tf-1120.0_ipu2t0-1119.7992_speaker2-B_ttlabel-I.metadata.csv
1496	/Users/jazsneider/Downloads/Debug/instances/overlap/held_out/s-5_task-14_ipu1tf-1124.0696_ipu2t0-1124.0438_speaker2-B_ttlabel-I.metadata.csv
1702	/Users/jazsneider/Downloads/Debug/instances/overlap/held_out/s-6_task-13_ipu1tf-1841.0425_ipu2t0-1840.9994_speaker2-A_ttlabel-O.metadata.csv
1709	/Users/jazsneider/Downloads/Debug/instances/overlap/held_out/s-6_task-14_ipu1tf-1923.432_ipu2t0-1922.8106_speaker2-A_ttlabel-O.metadata.csv
1714	/Users/jazsneider/Downloads/Debug/instances/overlap/held_out/s-6_task-14_ipu1tf-1953.905_ipu2t0-1953.5136_speaker2-A_ttlabel-O.metadata.csv
1715	/Users/jazsneider/Downloads/Debug/instances/overlap/held_out/s-6_task-14_ipu1tf-1959.8594_ipu2t0-1959.5542_speaker2-A_ttlabel-I.metadata.csv
1720	/Users/jazsneider/Downloads/Debug/instances/overlap/held_out/s-6_task-14_ipu1tf-2010.4306_ipu2t0-2010.175_speaker2-A_ttlabel-O.metadata.csv
1943	/Users/jazsneider/Downloads/Debug/instances/overlap/held_out/s-6_task-14_ipu1tf-1887.4465_ipu2t0-1887.3107_speaker2-B_ttlabel-X2_O.metadata.csv
1945	/Users/jazsneider/Downloads/Debug/instances/overlap/held_out/s-6_task-14_ipu1tf-1935.5006_ipu2t0-1935.1162_speaker2-B_ttlabel-O.metadata.csv
1946	/Users/jazsneider/Downloads/Debug/instances/overlap/held_out/s-6_task-14_ipu1tf-1943.3745_ipu2t0-1943.1926_speaker2-B_ttlabel-O.metadata.csv
1947	/Users/jazsneider/Downloads/Debug/instances/overlap/held_out/s-6_task-14_ipu1tf-1947.2336_ipu2t0-1946.7172_speaker2-B_ttlabel-I.metadata.csv
1955	/Users/jazsneider/Downloads/Debug/instances/overlap/held_out/s-6_task-14_ipu1tf-1992.6751_ipu2t0-1992.5575_speaker2-B_ttlabel-O.metadata.csv
1995	/Users/jazsneider/Downloads/Debug/instances/overlap/held_out/s-7_task-1_ipu1tf-18.8872_ipu2t0-18.7074_speaker2-B_ttlabel-I.metadata.csv
1999	/Users/jazsneider/Downloads/Debug/instances/overlap/held_out/s-7_task-2_ipu1tf-52.7153_ipu2t0-52.6543_speaker2-B_ttlabel-X2_O.metadata.csv
1966	/Users/jazsneider/Downloads/Debug/instances/overlap/held_out/s-7_task-5_ipu1tf-154.0734_ipu2t0-153.4202_speaker2-A_ttlabel-O.metadata.csv
1967	/Users/jazsneider/Downloads/Debug/instances/overlap/held_out/s-7_task-5_ipu1tf-158.6547_ipu2t0-158.3721_speaker2-A_ttlabel-O.metadata.csv
2004	/Users/jazsneider/Downloads/Debug/instances/overlap/held_out/s-7_task-5_ipu1tf-155.7697_ipu2t0-155.7597_speaker2-B_ttlabel-I.metadata.csv
1970	/Users/jazsneider/Downloads/Debug/instances/overlap/held_out/s-7_task-6_ipu1tf-214.4554_ipu2t0-212.7823_speaker2-A_ttlabel-BC_O.metadata.csv
1973	/Users/jazsneider/Downloads/Debug/instances/overlap/held_out/s-7_task-7_ipu1tf-246.2033_ipu2t0-246.1746_speaker2-A_ttlabel-BC_O.metadata.csv
1975	/Users/jazsneider/Downloads/Debug/instances/overlap/held_out/s-7_task-8_ipu1tf-264.6986_ipu2t0-262.638_speaker2-A_ttlabel-O.metadata.csv
1980	/Users/jazsneider/Downloads/Debug/instances/overlap/held_out/s-7_task-10_ipu1tf-351.9814_ipu2t0-351.8242_speaker2-A_ttlabel-O.metadata.csv
1984	/Users/jazsneider/Downloads/Debug/instances/overlap/held_out/s-7_task-12_ipu1tf-396.8194_ipu2t0-395.3972_speaker2-A_ttlabel-BC_O.metadata.csv
2527	/Users/jazsneider/Downloads/Debug/instances/overlap/held_out/s-8_task-13_ipu1tf-3916.2106_ipu2t0-3916.0134_speaker2-A_ttlabel-I.metadata.csv
2532	/Users/jazsneider/Downloads/Debug/instances/overlap/held_out/s-8_task-13_ipu1tf-3938.0772_ipu2t0-3937.1565_speaker2-A_ttlabel-I.metadata.csv
2545	/Users/jazsneider/Downloads/Debug/instances/overlap/held_out/s-8_task-13_ipu1tf-4069.1752_ipu2t0-4069.015_speaker2-A_ttlabel-X2_O.metadata.csv
2549	/Users/jazsneider/Downloads/Debug/instances/overlap/held_out/s-8_task-13_ipu1tf-4113.96_ipu2t0-4112.2486_speaker2-A_ttlabel-BI.metadata.csv
3172	/Users/jazsneider/Downloads/Debug/instances/overlap/held_out/s-8_task-13_ipu1tf-3811.5566_ipu2t0-3811.4369_speaker2-B_ttlabel-BC_O.metadata.csv
3173	/Users/jazsneider/Downloads/Debug/instances/overlap/held_out/s-8_task-13_ipu1tf-3815.9307_ipu2t0-3815.7484_speaker2-B_ttlabel-BC_O.metadata.csv
3174	/Users/jazsneider/Downloads/Debug/instances/overlap/held_out/s-8_task-13_ipu1tf-3831.4005_ipu2t0-3830.0488_speaker2-B_ttlabel-BC_O.metadata.csv
3176	/Users/jazsneider/Downloads/Debug/instances/overlap/held_out/s-8_task-13_ipu1tf-3841.7104_ipu2t0-3841.3081_speaker2-B_ttlabel-BC_O.metadata.csv
3184	/Users/jazsneider/Downloads/Debug/instances/overlap/held_out/s-8_task-13_ipu1tf-3917.0987_ipu2t0-3916.4403_speaker2-B_ttlabel-O.metadata.csv
3188	/Users/jazsneider/Downloads/Debug/instances/overlap/held_out/s-8_task-13_ipu1tf-3932.4009_ipu2t0-3932.2024_speaker2-B_ttlabel-O.metadata.csv
3190	/Users/jazsneider/Downloads/Debug/instances/overlap/held_out/s-8_task-13_ipu1tf-3938.7797_ipu2t0-3938.6892_speaker2-B_ttlabel-O.metadata.csv
3193	/Users/jazsneider/Downloads/Debug/instances/overlap/held_out/s-8_task-13_ipu1tf-3949.4546_ipu2t0-3948.7505_speaker2-B_ttlabel-O.metadata.csv
3198	/Users/jazsneider/Downloads/Debug/instances/overlap/held_out/s-8_task-13_ipu1tf-4014.6576_ipu2t0-4014.3086_speaker2-B_ttlabel-O.metadata.csv
3204	/Users/jazsneider/Downloads/Debug/instances/overlap/held_out/s-8_task-13_ipu1tf-4058.1953_ipu2t0-4056.8083_speaker2-B_ttlabel-BI.metadata.csv
3205	/Users/jazsneider/Downloads/Debug/instances/overlap/held_out/s-8_task-13_ipu1tf-4058.1953_ipu2t0-4057.5189_speaker2-B_ttlabel-O.metadata.csv
2568	/Users/jazsneider/Downloads/Debug/instances/overlap/held_out/s-8_task-14_ipu1tf-4281.6643_ipu2t0-4281.6376_speaker2-A_ttlabel-O.metadata.csv
2598	/Users/jazsneider/Downloads/Debug/instances/overlap/held_out/s-8_task-14_ipu1tf-4434.5871_ipu2t0-4433.7071_speaker2-A_ttlabel-O.metadata.csv
2620	/Users/jazsneider/Downloads/Debug/instances/overlap/held_out/s-8_task-14_ipu1tf-4599.4146_ipu2t0-4598.6082_speaker2-A_ttlabel-O.metadata.csv
2621	/Users/jazsneider/Downloads/Debug/instances/overlap/held_out/s-8_task-14_ipu1tf-4599.4146_ipu2t0-4599.2692_speaker2-A_ttlabel-O.metadata.csv
2630	/Users/jazsneider/Downloads/Debug/instances/overlap/held_out/s-8_task-14_ipu1tf-4680.1185_ipu2t0-4679.6208_speaker2-A_ttlabel-O.metadata.csv
2640	/Users/jazsneider/Downloads/Debug/instances/overlap/held_out/s-8_task-14_ipu1tf-4741.101_ipu2t0-4740.6092_speaker2-A_ttlabel-O.metadata.csv
2641	/Users/jazsneider/Downloads/Debug/instances/overlap/held_out/s-8_task-14_ipu1tf-4747.1237_ipu2t0-4746.0023_speaker2-A_ttlabel-O.metadata.csv
2646	/Users/jazsneider/Downloads/Debug/instances/overlap/held_out/s-8_task-14_ipu1tf-4783.6724_ipu2t0-4783.594_speaker2-A_ttlabel-O.metadata.csv
3219	/Users/jazsneider/Downloads/Debug/instances/overlap/held_out/s-8_task-14_ipu1tf-4197.4426_ipu2t0-4196.3335_speaker2-B_ttlabel-O.metadata.csv
3220	/Users/jazsneider/Downloads/Debug/instances/overlap/held_out/s-8_task-14_ipu1tf-4197.4426_ipu2t0-4197.0752_speaker2-B_ttlabel-O.metadata.csv
3222	/Users/jazsneider/Downloads/Debug/instances/overlap/held_out/s-8_task-14_ipu1tf-4214.0219_ipu2t0-4213.5717_speaker2-B_ttlabel-O.metadata.csv
3237	/Users/jazsneider/Downloads/Debug/instances/overlap/held_out/s-8_task-14_ipu1tf-4312.5307_ipu2t0-4310.8471_speaker2-B_ttlabel-O.metadata.csv
3238	/Users/jazsneider/Downloads/Debug/instances/overlap/held_out/s-8_task-14_ipu1tf-4312.5307_ipu2t0-4312.1501_speaker2-B_ttlabel-O.metadata.csv
3244	/Users/jazsneider/Downloads/Debug/instances/overlap/held_out/s-8_task-14_ipu1tf-4333.7609_ipu2t0-4333.6382_speaker2-B_ttlabel-X2_O.metadata.csv
3245	/Users/jazsneider/Downloads/Debug/instances/overlap/held_out/s-8_task-14_ipu1tf-4345.3359_ipu2t0-4345.0932_speaker2-B_ttlabel-O.metadata.csv
3250	/Users/jazsneider/Downloads/Debug/instances/overlap/held_out/s-8_task-14_ipu1tf-4365.6121_ipu2t0-4365.5624_speaker2-B_ttlabel-BC_O.metadata.csv
3251	/Users/jazsneider/Downloads/Debug/instances/overlap/held_out/s-8_task-14_ipu1tf-4368.8918_ipu2t0-4368.6689_speaker2-B_ttlabel-BC_O.metadata.csv
3252	/Users/jazsneider/Downloads/Debug/instances/overlap/held_out/s-8_task-14_ipu1tf-4380.1656_ipu2t0-4379.5481_speaker2-B_ttlabel-O.metadata.csv
3257	/Users/jazsneider/Downloads/Debug/instances/overlap/held_out/s-8_task-14_ipu1tf-4404.7741_ipu2t0-4404.6726_speaker2-B_ttlabel-X2_O.metadata.csv
3258	/Users/jazsneider/Downloads/Debug/instances/overlap/held_out/s-8_task-14_ipu1tf-4406.4091_ipu2t0-4406.2122_speaker2-B_ttlabel-X2_O.metadata.csv
3265	/Users/jazsneider/Downloads/Debug/instances/overlap/held_out/s-8_task-14_ipu1tf-4479.3055_ipu2t0-4479.0416_speaker2-B_ttlabel-O.metadata.csv
3267	/Users/jazsneider/Downloads/Debug/instances/overlap/held_out/s-8_task-14_ipu1tf-4489.2839_ipu2t0-4489.1109_speaker2-B_ttlabel-O.metadata.csv
3275	/Users/jazsneider/Downloads/Debug/instances/overlap/held_out/s-8_task-14_ipu1tf-4530.6182_ipu2t0-4530.5525_speaker2-B_ttlabel-I.metadata.csv
3281	/Users/jazsneider/Downloads/Debug/instances/overlap/held_out/s-8_task-14_ipu1tf-4575.5213_ipu2t0-4575.4837_speaker2-B_ttlabel-O.metadata.csv
3283	/Users/jazsneider/Downloads/Debug/instances/overlap/held_out/s-8_task-14_ipu1tf-4598.0846_ipu2t0-4597.6127_speaker2-B_ttlabel-I.metadata.csv
3290	/Users/jazsneider/Downloads/Debug/instances/overlap/held_out/s-8_task-14_ipu1tf-4673.6045_ipu2t0-4673.3817_speaker2-B_ttlabel-O.metadata.csv
3293	/Users/jazsneider/Downloads/Debug/instances/overlap/held_out/s-8_task-14_ipu1tf-4685.3262_ipu2t0-4685.3146_speaker2-B_ttlabel-O.metadata.csv
3296	/Users/jazsneider/Downloads/Debug/instances/overlap/held_out/s-8_task-14_ipu1tf-4700.9026_ipu2t0-4699.7565_speaker2-B_ttlabel-BI.metadata.csv
3297	/Users/jazsneider/Downloads/Debug/instances/overlap/held_out/s-8_task-14_ipu1tf-4700.9026_ipu2t0-4700.1597_speaker2-B_ttlabel-O.metadata.csv
3305	/Users/jazsneider/Downloads/Debug/instances/overlap/held_out/s-8_task-14_ipu1tf-4779.9354_ipu2t0-4779.3841_speaker2-B_ttlabel-BI.metadata.csv
3306	/Users/jazsneider/Downloads/Debug/instances/overlap/held_out/s-8_task-14_ipu1tf-4779.9354_ipu2t0-4779.8172_speaker2-B_ttlabel-O.metadata.csv
3476	/Users/jazsneider/Downloads/Debug/instances/overlap/held_out/s-9_task-13_ipu1tf-1041.5451_ipu2t0-1041.4602_speaker2-A_ttlabel-X2_O.metadata.csv
3486	/Users/jazsneider/Downloads/Debug/instances/overlap/held_out/s-9_task-13_ipu1tf-1105.0457_ipu2t0-1104.9453_speaker2-A_ttlabel-O.metadata.csv
3663	/Users/jazsneider/Downloads/Debug/instances/overlap/held_out/s-9_task-13_ipu1tf-1103.8822_ipu2t0-1103.7407_speaker2-B_ttlabel-X2_O.metadata.csv
3667	/Users/jazsneider/Downloads/Debug/instances/overlap/held_out/s-9_task-13_ipu1tf-1119.013_ipu2t0-1118.3549_speaker2-B_ttlabel-O.metadata.csv
3498	/Users/jazsneider/Downloads/Debug/instances/overlap/held_out/s-9_task-14_ipu1tf-1171.2721_ipu2t0-1171.0555_speaker2-A_ttlabel-O.metadata.csv
3680	/Users/jazsneider/Downloads/Debug/instances/overlap/held_out/s-9_task-14_ipu1tf-1188.7915_ipu2t0-1188.7634_speaker2-B_ttlabel-X2_O.metadata.csv
4031	/Users/jazsneider/Downloads/Debug/instances/overlap/held_out/s-10_task-13_ipu1tf-2478.2295_ipu2t0-2478.2088_speaker2-A_ttlabel-I.metadata.csv
4037	/Users/jazsneider/Downloads/Debug/instances/overlap/held_out/s-10_task-13_ipu1tf-2492.6698_ipu2t0-2492.4567_speaker2-A_ttlabel-O.metadata.csv
4040	/Users/jazsneider/Downloads/Debug/instances/overlap/held_out/s-10_task-13_ipu1tf-2537.1853_ipu2t0-2535.8746_speaker2-A_ttlabel-O.metadata.csv
4041	/Users/jazsneider/Downloads/Debug/instances/overlap/held_out/s-10_task-13_ipu1tf-2537.1853_ipu2t0-2536.7161_speaker2-A_ttlabel-O.metadata.csv
4044	/Users/jazsneider/Downloads/Debug/instances/overlap/held_out/s-10_task-13_ipu1tf-2567.3546_ipu2t0-2567.3174_speaker2-A_ttlabel-BC_O.metadata.csv
4045	/Users/jazsneider/Downloads/Debug/instances/overlap/held_out/s-10_task-13_ipu1tf-2572.98_ipu2t0-2572.7474_speaker2-A_ttlabel-O.metadata.csv
4047	/Users/jazsneider/Downloads/Debug/instances/overlap/held_out/s-10_task-13_ipu1tf-2575.8969_ipu2t0-2575.8392_speaker2-A_ttlabel-O.metadata.csv
4411	/Users/jazsneider/Downloads/Debug/instances/overlap/held_out/s-10_task-13_ipu1tf-2492.2981_ipu2t0-2491.7738_speaker2-B_ttlabel-I.metadata.csv
4412	/Users/jazsneider/Downloads/Debug/instances/overlap/held_out/s-10_task-13_ipu1tf-2493.0368_ipu2t0-2492.9948_speaker2-B_ttlabel-O.metadata.csv
4415	/Users/jazsneider/Downloads/Debug/instances/overlap/held_out/s-10_task-13_ipu1tf-2538.4692_ipu2t0-2538.072_speaker2-B_ttlabel-O.metadata.csv
4056	/Users/jazsneider/Downloads/Debug/instances/overlap/held_out/s-10_task-14_ipu1tf-2640.2017_ipu2t0-2639.6819_speaker2-A_ttlabel-I.metadata.csv
4057	/Users/jazsneider/Downloads/Debug/instances/overlap/held_out/s-10_task-14_ipu1tf-2641.2913_ipu2t0-2641.1541_speaker2-A_ttlabel-O.metadata.csv
4059	/Users/jazsneider/Downloads/Debug/instances/overlap/held_out/s-10_task-14_ipu1tf-2665.8441_ipu2t0-2663.7629_speaker2-A_ttlabel-O.metadata.csv
4063	/Users/jazsneider/Downloads/Debug/instances/overlap/held_out/s-10_task-14_ipu1tf-2710.5876_ipu2t0-2707.9759_speaker2-A_ttlabel-O.metadata.csv
4070	/Users/jazsneider/Downloads/Debug/instances/overlap/held_out/s-10_task-14_ipu1tf-2732.9138_ipu2t0-2731.3037_speaker2-A_ttlabel-BI.metadata.csv
4071	/Users/jazsneider/Downloads/Debug/instances/overlap/held_out/s-10_task-14_ipu1tf-2732.9138_ipu2t0-2732.6537_speaker2-A_ttlabel-O.metadata.csv
4073	/Users/jazsneider/Downloads/Debug/instances/overlap/held_out/s-10_task-14_ipu1tf-2744.9795_ipu2t0-2744.3152_speaker2-A_ttlabel-BI.metadata.csv
4427	/Users/jazsneider/Downloads/Debug/instances/overlap/held_out/s-10_task-14_ipu1tf-2615.1638_ipu2t0-2615.1093_speaker2-B_ttlabel-O.metadata.csv
4433	/Users/jazsneider/Downloads/Debug/instances/overlap/held_out/s-10_task-14_ipu1tf-2640.6491_ipu2t0-2640.4542_speaker2-B_ttlabel-O.metadata.csv
4440	/Users/jazsneider/Downloads/Debug/instances/overlap/held_out/s-10_task-14_ipu1tf-2705.1998_ipu2t0-2705.1821_speaker2-B_ttlabel-I.metadata.csv
4626	/Users/jazsneider/Downloads/Debug/instances/overlap/held_out/s-11_task-13_ipu1tf-748.6816_ipu2t0-747.7528_speaker2-B_ttlabel-O.metadata.csv
4646	/Users/jazsneider/Downloads/Debug/instances/overlap/held_out/s-12_task-1_ipu1tf-33.15_ipu2t0-32.8585_speaker2-A_ttlabel-O.metadata.csv
4909	/Users/jazsneider/Downloads/Debug/instances/overlap/held_out/s-12_task-1_ipu1tf-35.7956_ipu2t0-35.7359_speaker2-B_ttlabel-O.metadata.csv
4921	/Users/jazsneider/Downloads/Debug/instances/overlap/held_out/s-12_task-2_ipu1tf-154.3293_ipu2t0-154.2866_speaker2-B_ttlabel-O.metadata.csv
4674	/Users/jazsneider/Downloads/Debug/instances/overlap/held_out/s-12_task-3_ipu1tf-240.2402_ipu2t0-239.2654_speaker2-A_ttlabel-BI.metadata.csv
4675	/Users/jazsneider/Downloads/Debug/instances/overlap/held_out/s-12_task-3_ipu1tf-240.2402_ipu2t0-239.6195_speaker2-A_ttlabel-O.metadata.csv
4686	/Users/jazsneider/Downloads/Debug/instances/overlap/held_out/s-12_task-3_ipu1tf-330.3287_ipu2t0-328.6424_speaker2-A_ttlabel-O.metadata.csv
4925	/Users/jazsneider/Downloads/Debug/instances/overlap/held_out/s-12_task-3_ipu1tf-193.4594_ipu2t0-193.3416_speaker2-B_ttlabel-BC_O.metadata.csv
4928	/Users/jazsneider/Downloads/Debug/instances/overlap/held_out/s-12_task-3_ipu1tf-208.4408_ipu2t0-208.0403_speaker2-B_ttlabel-BC_O.metadata.csv
4942	/Users/jazsneider/Downloads/Debug/instances/overlap/held_out/s-12_task-3_ipu1tf-311.6026_ipu2t0-311.5743_speaker2-B_ttlabel-BC_O.metadata.csv
4944	/Users/jazsneider/Downloads/Debug/instances/overlap/held_out/s-12_task-3_ipu1tf-321.8077_ipu2t0-321.7251_speaker2-B_ttlabel-BC_O.metadata.csv
4691	/Users/jazsneider/Downloads/Debug/instances/overlap/held_out/s-12_task-4_ipu1tf-385.6016_ipu2t0-384.0769_speaker2-A_ttlabel-BI.metadata.csv
4692	/Users/jazsneider/Downloads/Debug/instances/overlap/held_out/s-12_task-4_ipu1tf-385.6016_ipu2t0-384.8597_speaker2-A_ttlabel-BI.metadata.csv
4694	/Users/jazsneider/Downloads/Debug/instances/overlap/held_out/s-12_task-4_ipu1tf-391.969_ipu2t0-391.9046_speaker2-A_ttlabel-O.metadata.csv
4697	/Users/jazsneider/Downloads/Debug/instances/overlap/held_out/s-12_task-4_ipu1tf-417.8094_ipu2t0-417.1131_speaker2-A_ttlabel-I.metadata.csv
4699	/Users/jazsneider/Downloads/Debug/instances/overlap/held_out/s-12_task-4_ipu1tf-427.725_ipu2t0-427.5776_speaker2-A_ttlabel-O.metadata.csv
4955	/Users/jazsneider/Downloads/Debug/instances/overlap/held_out/s-12_task-4_ipu1tf-418.3337_ipu2t0-418.0934_speaker2-B_ttlabel-I.metadata.csv
4707	/Users/jazsneider/Downloads/Debug/instances/overlap/held_out/s-12_task-5_ipu1tf-534.766_ipu2t0-534.6536_speaker2-A_ttlabel-X2_O.metadata.csv
4708	/Users/jazsneider/Downloads/Debug/instances/overlap/held_out/s-12_task-5_ipu1tf-544.3617_ipu2t0-544.1612_speaker2-A_ttlabel-O.metadata.csv
4713	/Users/jazsneider/Downloads/Debug/instances/overlap/held_out/s-12_task-5_ipu1tf-568.399_ipu2t0-568.2517_speaker2-A_ttlabel-X2_O.metadata.csv
4722	/Users/jazsneider/Downloads/Debug/instances/overlap/held_out/s-12_task-5_ipu1tf-678.2924_ipu2t0-678.017_speaker2-A_ttlabel-I.metadata.csv
4987	/Users/jazsneider/Downloads/Debug/instances/overlap/held_out/s-12_task-5_ipu1tf-748.2056_ipu2t0-748.018_speaker2-B_ttlabel-O.metadata.csv
4994	/Users/jazsneider/Downloads/Debug/instances/overlap/held_out/s-12_task-5_ipu1tf-798.3253_ipu2t0-798.067_speaker2-B_ttlabel-O.metadata.csv
4996	/Users/jazsneider/Downloads/Debug/instances/overlap/held_out/s-12_task-5_ipu1tf-814.0814_ipu2t0-814.0204_speaker2-B_ttlabel-O.metadata.csv
4743	/Users/jazsneider/Downloads/Debug/instances/overlap/held_out/s-12_task-6_ipu1tf-880.0527_ipu2t0-879.6401_speaker2-A_ttlabel-O.metadata.csv
4746	/Users/jazsneider/Downloads/Debug/instances/overlap/held_out/s-12_task-6_ipu1tf-924.2584_ipu2t0-924.1657_speaker2-A_ttlabel-X2_O.metadata.csv
4747	/Users/jazsneider/Downloads/Debug/instances/overlap/held_out/s-12_task-6_ipu1tf-938.1233_ipu2t0-936.3651_speaker2-A_ttlabel-O.metadata.csv
4748	/Users/jazsneider/Downloads/Debug/instances/overlap/held_out/s-12_task-6_ipu1tf-938.1233_ipu2t0-937.4033_speaker2-A_ttlabel-O.metadata.csv
5007	/Users/jazsneider/Downloads/Debug/instances/overlap/held_out/s-12_task-7_ipu1tf-986.3709_ipu2t0-985.5153_speaker2-B_ttlabel-BC_O.metadata.csv
4772	/Users/jazsneider/Downloads/Debug/instances/overlap/held_out/s-12_task-8_ipu1tf-1180.5698_ipu2t0-1180.0399_speaker2-A_ttlabel-I.metadata.csv
5033	/Users/jazsneider/Downloads/Debug/instances/overlap/held_out/s-12_task-8_ipu1tf-1192.4814_ipu2t0-1192.4031_speaker2-B_ttlabel-BC_O.metadata.csv
4784	/Users/jazsneider/Downloads/Debug/instances/overlap/held_out/s-12_task-9_ipu1tf-1242.1656_ipu2t0-1241.541_speaker2-A_ttlabel-BI.metadata.csv
4787	/Users/jazsneider/Downloads/Debug/instances/overlap/held_out/s-12_task-9_ipu1tf-1251.0488_ipu2t0-1251.002_speaker2-A_ttlabel-O.metadata.csv
4796	/Users/jazsneider/Downloads/Debug/instances/overlap/held_out/s-12_task-9_ipu1tf-1303.3371_ipu2t0-1303.0597_speaker2-A_ttlabel-I.metadata.csv
4801	/Users/jazsneider/Downloads/Debug/instances/overlap/held_out/s-12_task-9_ipu1tf-1331.4488_ipu2t0-1331.2722_speaker2-A_ttlabel-O.metadata.csv
5040	/Users/jazsneider/Downloads/Debug/instances/overlap/held_out/s-12_task-9_ipu1tf-1250.8144_ipu2t0-1250.7271_speaker2-B_ttlabel-O.metadata.csv
5049	/Users/jazsneider/Downloads/Debug/instances/overlap/held_out/s-12_task-9_ipu1tf-1302.3498_ipu2t0-1302.0713_speaker2-B_ttlabel-I.metadata.csv
4835	/Users/jazsneider/Downloads/Debug/instances/overlap/held_out/s-12_task-11_ipu1tf-1609.15_ipu2t0-1609.0534_speaker2-A_ttlabel-X2_O.metadata.csv
4838	/Users/jazsneider/Downloads/Debug/instances/overlap/held_out/s-12_task-11_ipu1tf-1633.4614_ipu2t0-1633.3854_speaker2-A_ttlabel-O.metadata.csv
4847	/Users/jazsneider/Downloads/Debug/instances/overlap/held_out/s-12_task-11_ipu1tf-1707.2577_ipu2t0-1707.0767_speaker2-A_ttlabel-X2_O.metadata.csv
4849	/Users/jazsneider/Downloads/Debug/instances/overlap/held_out/s-12_task-11_ipu1tf-1713.9569_ipu2t0-1713.2497_speaker2-A_ttlabel-O.metadata.csv
5086	/Users/jazsneider/Downloads/Debug/instances/overlap/held_out/s-12_task-11_ipu1tf-1608.8225_ipu2t0-1608.3646_speaker2-B_ttlabel-BC_O.metadata.csv
5095	/Users/jazsneider/Downloads/Debug/instances/overlap/held_out/s-12_task-11_ipu1tf-1672.5903_ipu2t0-1671.2889_speaker2-B_ttlabel-BC_O.metadata.csv
5096	/Users/jazsneider/Downloads/Debug/instances/overlap/held_out/s-12_task-11_ipu1tf-1672.5903_ipu2t0-1672.5692_speaker2-B_ttlabel-BC_O.metadata.csv
4852	/Users/jazsneider/Downloads/Debug/instances/overlap/held_out/s-12_task-12_ipu1tf-1732.3668_ipu2t0-1732.334_speaker2-A_ttlabel-BC_O.metadata.csv
4860	/Users/jazsneider/Downloads/Debug/instances/overlap/held_out/s-12_task-12_ipu1tf-1819.0595_ipu2t0-1819.0443_speaker2-A_ttlabel-O.metadata.csv
4868	/Users/jazsneider/Downloads/Debug/instances/overlap/held_out/s-12_task-13_ipu1tf-1901.9026_ipu2t0-1901.8416_speaker2-A_ttlabel-X2_O.metadata.csv
4879	/Users/jazsneider/Downloads/Debug/instances/overlap/held_out/s-12_task-13_ipu1tf-2012.6678_ipu2t0-2012.3797_speaker2-A_ttlabel-O.metadata.csv
4882	/Users/jazsneider/Downloads/Debug/instances/overlap/held_out/s-12_task-13_ipu1tf-2038.3206_ipu2t0-2037.6118_speaker2-A_ttlabel-O.metadata.csv
4888	/Users/jazsneider/Downloads/Debug/instances/overlap/held_out/s-12_task-13_ipu1tf-2070.8352_ipu2t0-2070.5427_speaker2-A_ttlabel-X2_O.metadata.csv
5120	/Users/jazsneider/Downloads/Debug/instances/overlap/held_out/s-12_task-13_ipu1tf-1907.146_ipu2t0-1907.1105_speaker2-B_ttlabel-BC_O.metadata.csv
4893	/Users/jazsneider/Downloads/Debug/instances/overlap/held_out/s-12_task-14_ipu1tf-2149.2812_ipu2t0-2148.9724_speaker2-A_ttlabel-I.metadata.csv
4899	/Users/jazsneider/Downloads/Debug/instances/overlap/held_out/s-12_task-14_ipu1tf-2195.2669_ipu2t0-2194.7449_speaker2-A_ttlabel-I.metadata.csv
4900	/Users/jazsneider/Downloads/Debug/instances/overlap/held_out/s-12_task-14_ipu1tf-2224.5241_ipu2t0-2224.3867_speaker2-A_ttlabel-O.metadata.csv
4901	/Users/jazsneider/Downloads/Debug/instances/overlap/held_out/s-12_task-14_ipu1tf-2229.0147_ipu2t0-2228.4384_speaker2-A_ttlabel-I.metadata.csv
5160	/Users/jazsneider/Downloads/Debug/instances/overlap/held_out/s-13_task-1_ipu1tf-44.6193_ipu2t0-43.8195_speaker2-A_ttlabel-O.metadata.csv
5164	/Users/jazsneider/Downloads/Debug/instances/overlap/held_out/s-13_task-1_ipu1tf-95.7629_ipu2t0-93.5287_speaker2-A_ttlabel-BI.metadata.csv
5296	/Users/jazsneider/Downloads/Debug/instances/overlap/held_out/s-13_task-1_ipu1tf-45.5596_ipu2t0-45.4947_speaker2-B_ttlabel-O.metadata.csv
5174	/Users/jazsneider/Downloads/Debug/instances/overlap/held_out/s-13_task-2_ipu1tf-203.5415_ipu2t0-203.3936_speaker2-A_ttlabel-O.metadata.csv
5177	/Users/jazsneider/Downloads/Debug/instances/overlap/held_out/s-13_task-3_ipu1tf-233.9775_ipu2t0-233.9475_speaker2-A_ttlabel-O.metadata.csv
5179	/Users/jazsneider/Downloads/Debug/instances/overlap/held_out/s-13_task-3_ipu1tf-264.7817_ipu2t0-264.1623_speaker2-A_ttlabel-O.metadata.csv
5314	/Users/jazsneider/Downloads/Debug/instances/overlap/held_out/s-13_task-3_ipu1tf-283.7182_ipu2t0-283.131_speaker2-B_ttlabel-O.metadata.csv
5185	/Users/jazsneider/Downloads/Debug/instances/overlap/held_out/s-13_task-4_ipu1tf-356.366_ipu2t0-356.017_speaker2-A_ttlabel-O.metadata.csv
5318	/Users/jazsneider/Downloads/Debug/instances/overlap/held_out/s-13_task-4_ipu1tf-332.0524_ipu2t0-331.1017_speaker2-B_ttlabel-O.metadata.csv
5194	/Users/jazsneider/Downloads/Debug/instances/overlap/held_out/s-13_task-5_ipu1tf-415.8125_ipu2t0-415.5255_speaker2-A_ttlabel-X2_O.metadata.csv
5198	/Users/jazsneider/Downloads/Debug/instances/overlap/held_out/s-13_task-5_ipu1tf-446.9773_ipu2t0-446.9213_speaker2-A_ttlabel-O.metadata.csv
5329	/Users/jazsneider/Downloads/Debug/instances/overlap/held_out/s-13_task-5_ipu1tf-429.2657_ipu2t0-429.0461_speaker2-B_ttlabel-O.metadata.csv
5201	/Users/jazsneider/Downloads/Debug/instances/overlap/held_out/s-13_task-6_ipu1tf-510.3664_ipu2t0-510.0358_speaker2-A_ttlabel-BC_O.metadata.csv
5210	/Users/jazsneider/Downloads/Debug/instances/overlap/held_out/s-13_task-7_ipu1tf-589.2373_ipu2t0-588.8701_speaker2-A_ttlabel-O.metadata.csv
5339	/Users/jazsneider/Downloads/Debug/instances/overlap/held_out/s-13_task-7_ipu1tf-564.2432_ipu2t0-563.6694_speaker2-B_ttlabel-O.metadata.csv
5340	/Users/jazsneider/Downloads/Debug/instances/overlap/held_out/s-13_task-7_ipu1tf-568.9779_ipu2t0-568.6458_speaker2-B_ttlabel-I.metadata.csv
5341	/Users/jazsneider/Downloads/Debug/instances/overlap/held_out/s-13_task-7_ipu1tf-573.7057_ipu2t0-573.1525_speaker2-B_ttlabel-I.metadata.csv
5216	/Users/jazsneider/Downloads/Debug/instances/overlap/held_out/s-13_task-8_ipu1tf-686.1736_ipu2t0-686.0233_speaker2-A_ttlabel-BC_O.metadata.csv
5218	/Users/jazsneider/Downloads/Debug/instances/overlap/held_out/s-13_task-8_ipu1tf-699.5601_ipu2t0-699.3322_speaker2-A_ttlabel-I.metadata.csv
5350	/Users/jazsneider/Downloads/Debug/instances/overlap/held_out/s-13_task-8_ipu1tf-666.429_ipu2t0-666.376_speaker2-B_ttlabel-O.metadata.csv
5352	/Users/jazsneider/Downloads/Debug/instances/overlap/held_out/s-13_task-8_ipu1tf-691.7556_ipu2t0-691.5019_speaker2-B_ttlabel-O.metadata.csv
5353	/Users/jazsneider/Downloads/Debug/instances/overlap/held_out/s-13_task-8_ipu1tf-701.0757_ipu2t0-700.2879_speaker2-B_ttlabel-O.metadata.csv
5354	/Users/jazsneider/Downloads/Debug/instances/overlap/held_out/s-13_task-8_ipu1tf-711.2582_ipu2t0-707.4296_speaker2-B_ttlabel-BI.metadata.csv
5355	/Users/jazsneider/Downloads/Debug/instances/overlap/held_out/s-13_task-8_ipu1tf-711.2582_ipu2t0-711.1324_speaker2-B_ttlabel-O.metadata.csv
5358	/Users/jazsneider/Downloads/Debug/instances/overlap/held_out/s-13_task-8_ipu1tf-749.0308_ipu2t0-748.4652_speaker2-B_ttlabel-O.metadata.csv
5224	/Users/jazsneider/Downloads/Debug/instances/overlap/held_out/s-13_task-9_ipu1tf-775.3026_ipu2t0-775.0444_speaker2-A_ttlabel-O.metadata.csv
5227	/Users/jazsneider/Downloads/Debug/instances/overlap/held_out/s-13_task-9_ipu1tf-812.2081_ipu2t0-811.0442_speaker2-A_ttlabel-O.metadata.csv
5228	/Users/jazsneider/Downloads/Debug/instances/overlap/held_out/s-13_task-9_ipu1tf-820.412_ipu2t0-820.1728_speaker2-A_ttlabel-O.metadata.csv
5233	/Users/jazsneider/Downloads/Debug/instances/overlap/held_out/s-13_task-9_ipu1tf-855.3709_ipu2t0-854.9126_speaker2-A_ttlabel-I.metadata.csv
5234	/Users/jazsneider/Downloads/Debug/instances/overlap/held_out/s-13_task-9_ipu1tf-859.8854_ipu2t0-859.2014_speaker2-A_ttlabel-O.metadata.csv
5359	/Users/jazsneider/Downloads/Debug/instances/overlap/held_out/s-13_task-9_ipu1tf-774.7802_ipu2t0-773.9094_speaker2-B_ttlabel-O.metadata.csv
5364	/Users/jazsneider/Downloads/Debug/instances/overlap/held_out/s-13_task-9_ipu1tf-822.1612_ipu2t0-821.6465_speaker2-B_ttlabel-O.metadata.csv
5369	/Users/jazsneider/Downloads/Debug/instances/overlap/held_out/s-13_task-9_ipu1tf-854.7654_ipu2t0-854.4628_speaker2-B_ttlabel-I.metadata.csv
5370	/Users/jazsneider/Downloads/Debug/instances/overlap/held_out/s-13_task-9_ipu1tf-855.9314_ipu2t0-855.7776_speaker2-B_ttlabel-O.metadata.csv
5371	/Users/jazsneider/Downloads/Debug/instances/overlap/held_out/s-13_task-9_ipu1tf-862.4706_ipu2t0-861.9945_speaker2-B_ttlabel-O.metadata.csv
5245	/Users/jazsneider/Downloads/Debug/instances/overlap/held_out/s-13_task-11_ipu1tf-1011.0467_ipu2t0-1010.7646_speaker2-A_ttlabel-O.metadata.csv
5246	/Users/jazsneider/Downloads/Debug/instances/overlap/held_out/s-13_task-11_ipu1tf-1014.569_ipu2t0-1014.4995_speaker2-A_ttlabel-O.metadata.csv
5381	/Users/jazsneider/Downloads/Debug/instances/overlap/held_out/s-13_task-11_ipu1tf-1010.6437_ipu2t0-1009.9104_speaker2-B_ttlabel-I.metadata.csv
5382	/Users/jazsneider/Downloads/Debug/instances/overlap/held_out/s-13_task-11_ipu1tf-1012.3882_ipu2t0-1012.1702_speaker2-B_ttlabel-O.metadata.csv
5386	/Users/jazsneider/Downloads/Debug/instances/overlap/held_out/s-13_task-11_ipu1tf-1037.48_ipu2t0-1037.4783_speaker2-B_ttlabel-O.metadata.csv
5387	/Users/jazsneider/Downloads/Debug/instances/overlap/held_out/s-13_task-11_ipu1tf-1048.9934_ipu2t0-1046.56_speaker2-B_ttlabel-O.metadata.csv
5388	/Users/jazsneider/Downloads/Debug/instances/overlap/held_out/s-13_task-11_ipu1tf-1048.9934_ipu2t0-1047.9099_speaker2-B_ttlabel-O.metadata.csv
5258	/Users/jazsneider/Downloads/Debug/instances/overlap/held_out/s-13_task-12_ipu1tf-1145.6487_ipu2t0-1145.237_speaker2-A_ttlabel-O.metadata.csv
5398	/Users/jazsneider/Downloads/Debug/instances/overlap/held_out/s-13_task-12_ipu1tf-1156.8223_ipu2t0-1156.759_speaker2-B_ttlabel-X2_O.metadata.csv
5403	/Users/jazsneider/Downloads/Debug/instances/overlap/held_out/s-13_task-13_ipu1tf-1241.6545_ipu2t0-1234.9389_speaker2-B_ttlabel-BI.metadata.csv
5404	/Users/jazsneider/Downloads/Debug/instances/overlap/held_out/s-13_task-13_ipu1tf-1241.6545_ipu2t0-1237.1156_speaker2-B_ttlabel-O.metadata.csv
5405	/Users/jazsneider/Downloads/Debug/instances/overlap/held_out/s-13_task-13_ipu1tf-1241.6545_ipu2t0-1237.6401_speaker2-B_ttlabel-O.metadata.csv
5406	/Users/jazsneider/Downloads/Debug/instances/overlap/held_out/s-13_task-13_ipu1tf-1241.6545_ipu2t0-1238.3668_speaker2-B_ttlabel-O.metadata.csv
5407	/Users/jazsneider/Downloads/Debug/instances/overlap/held_out/s-13_task-13_ipu1tf-1241.6545_ipu2t0-1240.9038_speaker2-B_ttlabel-O.metadata.csv
5268	/Users/jazsneider/Downloads/Debug/instances/overlap/held_out/s-13_task-14_ipu1tf-1271.3544_ipu2t0-1270.6926_speaker2-A_ttlabel-O.metadata.csv
5273	/Users/jazsneider/Downloads/Debug/instances/overlap/held_out/s-13_task-14_ipu1tf-1307.8659_ipu2t0-1307.4818_speaker2-A_ttlabel-O.metadata.csv
5280	/Users/jazsneider/Downloads/Debug/instances/overlap/held_out/s-13_task-14_ipu1tf-1368.0293_ipu2t0-1367.8988_speaker2-A_ttlabel-O.metadata.csv
5282	/Users/jazsneider/Downloads/Debug/instances/overlap/held_out/s-13_task-14_ipu1tf-1383.7381_ipu2t0-1383.6219_speaker2-A_ttlabel-O.metadata.csv
5283	/Users/jazsneider/Downloads/Debug/instances/overlap/held_out/s-13_task-14_ipu1tf-1388.9802_ipu2t0-1388.47_speaker2-A_ttlabel-I.metadata.csv
5285	/Users/jazsneider/Downloads/Debug/instances/overlap/held_out/s-13_task-14_ipu1tf-1403.9354_ipu2t0-1403.8021_speaker2-A_ttlabel-O.metadata.csv
5653	/Users/jazsneider/Downloads/Debug/instances/overlap/held_out/s-14_task-13_ipu1tf-1892.9932_ipu2t0-1892.7686_speaker2-A_ttlabel-I.metadata.csv
5657	/Users/jazsneider/Downloads/Debug/instances/overlap/held_out/s-14_task-13_ipu1tf-1919.4972_ipu2t0-1918.8918_speaker2-A_ttlabel-O.metadata.csv
5899	/Users/jazsneider/Downloads/Debug/instances/overlap/held_out/s-14_task-13_ipu1tf-1890.4731_ipu2t0-1890.2476_speaker2-B_ttlabel-O.metadata.csv
5905	/Users/jazsneider/Downloads/Debug/instances/overlap/held_out/s-14_task-13_ipu1tf-1935.0168_ipu2t0-1934.6512_speaker2-B_ttlabel-O.metadata.csv
5914	/Users/jazsneider/Downloads/Debug/instances/overlap/held_out/s-14_task-13_ipu1tf-2012.3411_ipu2t0-2012.3398_speaker2-B_ttlabel-O.metadata.csv
5672	/Users/jazsneider/Downloads/Debug/instances/overlap/held_out/s-14_task-14_ipu1tf-2055.4541_ipu2t0-2054.3011_speaker2-A_ttlabel-BC_O.metadata.csv
5676	/Users/jazsneider/Downloads/Debug/instances/overlap/held_out/s-14_task-14_ipu1tf-2092.5974_ipu2t0-2092.2401_speaker2-A_ttlabel-O.metadata.csv
5923	/Users/jazsneider/Downloads/Debug/instances/overlap/held_out/s-14_task-14_ipu1tf-2093.2498_ipu2t0-2093.1796_speaker2-B_ttlabel-O.metadata.csv
