01_1	tasks_features//01_1.csv
01_2	tasks_features//01_2.csv
01_3	tasks_features//01_3.csv
01_4	tasks_features//01_4.csv
01_5	tasks_features//01_5.csv
01_6	tasks_features//01_6.csv
01_7	tasks_features//01_7.csv
01_8	tasks_features//01_8.csv
01_9	tasks_features//01_9.csv
01_10	tasks_features//01_10.csv
01_11	tasks_features//01_11.csv
01_12	tasks_features//01_12.csv
01_13	tasks_features//01_13.csv
01_14	tasks_features//01_14.csv
02_1	tasks_features//02_1.csv
02_2	tasks_features//02_2.csv
02_3	tasks_features//02_3.csv
02_4	tasks_features//02_4.csv
02_5	tasks_features//02_5.csv
02_6	tasks_features//02_6.csv
02_7	tasks_features//02_7.csv
02_8	tasks_features//02_8.csv
02_9	tasks_features//02_9.csv
02_10	tasks_features//02_10.csv
02_11	tasks_features//02_11.csv
02_12	tasks_features//02_12.csv
02_13	tasks_features//02_13.csv
02_14	tasks_features//02_14.csv
03_1	tasks_features//03_1.csv
03_2	tasks_features//03_2.csv
03_3	tasks_features//03_3.csv
03_4	tasks_features//03_4.csv
03_5	tasks_features//03_5.csv
03_6	tasks_features//03_6.csv
03_7	tasks_features//03_7.csv
03_8	tasks_features//03_8.csv
03_9	tasks_features//03_9.csv
03_10	tasks_features//03_10.csv
03_11	tasks_features//03_11.csv
03_12	tasks_features//03_12.csv
03_13	tasks_features//03_13.csv
03_14	tasks_features//03_14.csv
04_1	tasks_features//04_1.csv
04_2	tasks_features//04_2.csv
04_3	tasks_features//04_3.csv
04_4	tasks_features//04_4.csv
04_5	tasks_features//04_5.csv
04_6	tasks_features//04_6.csv
04_7	tasks_features//04_7.csv
04_8	tasks_features//04_8.csv
04_9	tasks_features//04_9.csv
04_10	tasks_features//04_10.csv
04_11	tasks_features//04_11.csv
04_12	tasks_features//04_12.csv
04_13	tasks_features//04_13.csv
04_14	tasks_features//04_14.csv
05_1	tasks_features//05_1.csv
05_2	tasks_features//05_2.csv
05_3	tasks_features//05_3.csv
05_4	tasks_features//05_4.csv
05_5	tasks_features//05_5.csv
05_6	tasks_features//05_6.csv
05_7	tasks_features//05_7.csv
05_8	tasks_features//05_8.csv
05_9	tasks_features//05_9.csv
05_10	tasks_features//05_10.csv
05_11	tasks_features//05_11.csv
05_12	tasks_features//05_12.csv
05_13	tasks_features//05_13.csv
05_14	tasks_features//05_14.csv
06_1	tasks_features//06_1.csv
06_2	tasks_features//06_2.csv
06_3	tasks_features//06_3.csv
06_4	tasks_features//06_4.csv
06_5	tasks_features//06_5.csv
06_6	tasks_features//06_6.csv
06_7	tasks_features//06_7.csv
06_8	tasks_features//06_8.csv
06_9	tasks_features//06_9.csv
06_10	tasks_features//06_10.csv
06_11	tasks_features//06_11.csv
06_12	tasks_features//06_12.csv
06_13	tasks_features//06_13.csv
06_14	tasks_features//06_14.csv
07_1	tasks_features//07_1.csv
07_2	tasks_features//07_2.csv
07_3	tasks_features//07_3.csv
07_4	tasks_features//07_4.csv
07_5	tasks_features//07_5.csv
07_6	tasks_features//07_6.csv
07_7	tasks_features//07_7.csv
07_8	tasks_features//07_8.csv
07_9	tasks_features//07_9.csv
07_10	tasks_features//07_10.csv
07_11	tasks_features//07_11.csv
07_12	tasks_features//07_12.csv
07_13	tasks_features//07_13.csv
07_14	tasks_features//07_14.csv
08_1	tasks_features//08_1.csv
08_2	tasks_features//08_2.csv
08_3	tasks_features//08_3.csv
08_4	tasks_features//08_4.csv
08_5	tasks_features//08_5.csv
08_6	tasks_features//08_6.csv
08_7	tasks_features//08_7.csv
08_8	tasks_features//08_8.csv
08_9	tasks_features//08_9.csv
08_10	tasks_features//08_10.csv
08_11	tasks_features//08_11.csv
08_12	tasks_features//08_12.csv
08_13	tasks_features//08_13.csv
08_14	tasks_features//08_14.csv
09_1	tasks_features//09_1.csv
09_2	tasks_features//09_2.csv
09_3	tasks_features//09_3.csv
09_4	tasks_features//09_4.csv
09_5	tasks_features//09_5.csv
09_6	tasks_features//09_6.csv
09_7	tasks_features//09_7.csv
09_8	tasks_features//09_8.csv
09_9	tasks_features//09_9.csv
09_10	tasks_features//09_10.csv
09_11	tasks_features//09_11.csv
09_12	tasks_features//09_12.csv
09_13	tasks_features//09_13.csv
09_14	tasks_features//09_14.csv
10_1	tasks_features//10_1.csv
10_2	tasks_features//10_2.csv
10_3	tasks_features//10_3.csv
10_4	tasks_features//10_4.csv
10_5	tasks_features//10_5.csv
10_6	tasks_features//10_6.csv
10_7	tasks_features//10_7.csv
10_8	tasks_features//10_8.csv
10_9	tasks_features//10_9.csv
10_10	tasks_features//10_10.csv
10_11	tasks_features//10_11.csv
10_12	tasks_features//10_12.csv
10_13	tasks_features//10_13.csv
10_14	tasks_features//10_14.csv
11_1	tasks_features//11_1.csv
11_2	tasks_features//11_2.csv
11_3	tasks_features//11_3.csv
11_4	tasks_features//11_4.csv
11_5	tasks_features//11_5.csv
11_6	tasks_features//11_6.csv
11_7	tasks_features//11_7.csv
11_8	tasks_features//11_8.csv
11_9	tasks_features//11_9.csv
11_10	tasks_features//11_10.csv
11_11	tasks_features//11_11.csv
11_12	tasks_features//11_12.csv
11_13	tasks_features//11_13.csv
11_14	tasks_features//11_14.csv
12_1	tasks_features//12_1.csv
12_2	tasks_features//12_2.csv
12_3	tasks_features//12_3.csv
12_4	tasks_features//12_4.csv
12_5	tasks_features//12_5.csv
12_6	tasks_features//12_6.csv
12_7	tasks_features//12_7.csv
12_8	tasks_features//12_8.csv
12_9	tasks_features//12_9.csv
12_10	tasks_features//12_10.csv
12_11	tasks_features//12_11.csv
12_12	tasks_features//12_12.csv
12_13	tasks_features//12_13.csv
12_14	tasks_features//12_14.csv
13_1	tasks_features//13_1.csv
13_2	tasks_features//13_2.csv
13_3	tasks_features//13_3.csv
13_4	tasks_features//13_4.csv
13_5	tasks_features//13_5.csv
13_6	tasks_features//13_6.csv
13_7	tasks_features//13_7.csv
13_8	tasks_features//13_8.csv
13_9	tasks_features//13_9.csv
13_10	tasks_features//13_10.csv
13_11	tasks_features//13_11.csv
13_12	tasks_features//13_12.csv
13_13	tasks_features//13_13.csv
13_14	tasks_features//13_14.csv
14_1	tasks_features//14_1.csv
14_2	tasks_features//14_2.csv
14_3	tasks_features//14_3.csv
14_4	tasks_features//14_4.csv
14_5	tasks_features//14_5.csv
14_6	tasks_features//14_6.csv
14_7	tasks_features//14_7.csv
14_8	tasks_features//14_8.csv
14_9	tasks_features//14_9.csv
14_10	tasks_features//14_10.csv
14_11	tasks_features//14_11.csv
14_12	tasks_features//14_12.csv
14_13	tasks_features//14_13.csv
14_14	tasks_features//14_14.csv
