01_A	/Users/jazsneider/Downloads/Debug/tracks/01_A.csv
01_B	/Users/jazsneider/Downloads/Debug/tracks/01_B.csv
02_A	/Users/jazsneider/Downloads/Debug/tracks/02_A.csv
02_B	/Users/jazsneider/Downloads/Debug/tracks/02_B.csv
03_A	/Users/jazsneider/Downloads/Debug/tracks/03_A.csv
03_B	/Users/jazsneider/Downloads/Debug/tracks/03_B.csv
04_A	/Users/jazsneider/Downloads/Debug/tracks/04_A.csv
04_B	/Users/jazsneider/Downloads/Debug/tracks/04_B.csv
05_A	/Users/jazsneider/Downloads/Debug/tracks/05_A.csv
05_B	/Users/jazsneider/Downloads/Debug/tracks/05_B.csv
06_A	/Users/jazsneider/Downloads/Debug/tracks/06_A.csv
06_B	/Users/jazsneider/Downloads/Debug/tracks/06_B.csv
07_A	/Users/jazsneider/Downloads/Debug/tracks/07_A.csv
07_B	/Users/jazsneider/Downloads/Debug/tracks/07_B.csv
08_A	/Users/jazsneider/Downloads/Debug/tracks/08_A.csv
08_B	/Users/jazsneider/Downloads/Debug/tracks/08_B.csv
09_A	/Users/jazsneider/Downloads/Debug/tracks/09_A.csv
09_B	/Users/jazsneider/Downloads/Debug/tracks/09_B.csv
10_A	/Users/jazsneider/Downloads/Debug/tracks/10_A.csv
10_B	/Users/jazsneider/Downloads/Debug/tracks/10_B.csv
11_A	/Users/jazsneider/Downloads/Debug/tracks/11_A.csv
11_B	/Users/jazsneider/Downloads/Debug/tracks/11_B.csv
12_A	/Users/jazsneider/Downloads/Debug/tracks/12_A.csv
12_B	/Users/jazsneider/Downloads/Debug/tracks/12_B.csv
13_A	/Users/jazsneider/Downloads/Debug/tracks/13_A.csv
13_B	/Users/jazsneider/Downloads/Debug/tracks/13_B.csv
14_A	/Users/jazsneider/Downloads/Debug/tracks/14_A.csv
14_B	/Users/jazsneider/Downloads/Debug/tracks/14_B.csv
