01_A	/Users/jazsneider/Downloads/Debug/output/z_scored_tracks/01_A_standardized.csv
01_B	/Users/jazsneider/Downloads/Debug/output/z_scored_tracks/01_B_standardized.csv
02_A	/Users/jazsneider/Downloads/Debug/output/z_scored_tracks/02_A_standardized.csv
02_B	/Users/jazsneider/Downloads/Debug/output/z_scored_tracks/02_B_standardized.csv
03_A	/Users/jazsneider/Downloads/Debug/output/z_scored_tracks/03_A_standardized.csv
03_B	/Users/jazsneider/Downloads/Debug/output/z_scored_tracks/03_B_standardized.csv
04_A	/Users/jazsneider/Downloads/Debug/output/z_scored_tracks/04_A_standardized.csv
04_B	/Users/jazsneider/Downloads/Debug/output/z_scored_tracks/04_B_standardized.csv
05_A	/Users/jazsneider/Downloads/Debug/output/z_scored_tracks/05_A_standardized.csv
05_B	/Users/jazsneider/Downloads/Debug/output/z_scored_tracks/05_B_standardized.csv
06_A	/Users/jazsneider/Downloads/Debug/output/z_scored_tracks/06_A_standardized.csv
06_B	/Users/jazsneider/Downloads/Debug/output/z_scored_tracks/06_B_standardized.csv
07_A	/Users/jazsneider/Downloads/Debug/output/z_scored_tracks/07_A_standardized.csv
07_B	/Users/jazsneider/Downloads/Debug/output/z_scored_tracks/07_B_standardized.csv
08_A	/Users/jazsneider/Downloads/Debug/output/z_scored_tracks/08_A_standardized.csv
08_B	/Users/jazsneider/Downloads/Debug/output/z_scored_tracks/08_B_standardized.csv
09_A	/Users/jazsneider/Downloads/Debug/output/z_scored_tracks/09_A_standardized.csv
09_B	/Users/jazsneider/Downloads/Debug/output/z_scored_tracks/09_B_standardized.csv
10_A	/Users/jazsneider/Downloads/Debug/output/z_scored_tracks/10_A_standardized.csv
10_B	/Users/jazsneider/Downloads/Debug/output/z_scored_tracks/10_B_standardized.csv
11_A	/Users/jazsneider/Downloads/Debug/output/z_scored_tracks/11_A_standardized.csv
11_B	/Users/jazsneider/Downloads/Debug/output/z_scored_tracks/11_B_standardized.csv
12_A	/Users/jazsneider/Downloads/Debug/output/z_scored_tracks/12_A_standardized.csv
12_B	/Users/jazsneider/Downloads/Debug/output/z_scored_tracks/12_B_standardized.csv
13_A	/Users/jazsneider/Downloads/Debug/output/z_scored_tracks/13_A_standardized.csv
13_B	/Users/jazsneider/Downloads/Debug/output/z_scored_tracks/13_B_standardized.csv
14_A	/Users/jazsneider/Downloads/Debug/output/z_scored_tracks/14_A_standardized.csv
14_B	/Users/jazsneider/Downloads/Debug/output/z_scored_tracks/14_B_standardized.csv
